14:39:50 **** Incremental Build of configuration Debug for project Terra ****
make -j8 all 
arm-none-eabi-gcc "../Core/Src/main.c" -mcpu=cortex-m4 -std=gnu11 -g3 -DDEBUG -DUSE_HAL_DRIVER -DSTM32F446xx -c -I../Core/Inc -I../Drivers/STM32F4xx_HAL_Driver/Inc -I../Drivers/STM32F4xx_HAL_Driver/Inc/Legacy -I../Drivers/CMSIS/Device/ST/STM32F4xx/Include -I../Drivers/CMSIS/Include -O0 -ffunction-sections -fdata-sections -Wall -fstack-usage -MMD -MP -MF"Core/Src/main.d" -MT"Core/Src/main.o" --specs=nano.specs -mfpu=fpv4-sp-d16 -mfloat-abi=hard -mthumb -o "Core/Src/main.o"
arm-none-eabi-g++ -o "Terra.elf" @"objects.list"   -mcpu=cortex-m4 -T"C:\Users\EEV-Work\STM32Cube\Example\GPIO_InfiniteLedToggling_Init\Terra\Terra\STM32F446ZETX_FLASH.ld" --specs=nosys.specs -Wl,-Map="Terra.map" -Wl,--gc-sections -static --specs=nano.specs -mfpu=fpv4-sp-d16 -mfloat-abi=hard -mthumb -Wl,--start-group -lc -lm -lstdc++ -lsupc++ -Wl,--end-group
Finished building target: Terra.elf
 
arm-none-eabi-size   Terra.elf 
arm-none-eabi-objdump -h -S  Terra.elf  > "Terra.list"
   text	   data	    bss	    dec	    hex	filename
   7608	     20	   1572	   9200	   23f0	Terra.elf
Finished building: default.size.stdout
 
Finished building: Terra.list
 

14:39:51 Build Finished. 0 errors, 0 warnings. (took 871ms)

